[colorlib.com/preview/theme/theconference/index.html]
[backblue.gif]
[fade.gif]
[index.html]
[colorlib.com/preview/theme/theconference/styles/bootstrap4/bootstrap.min.css]
[colorlib.com/preview/theme/theconference/plugins/font-awesome-4.7.0/css/font-awesome.min.css]
[colorlib.com/preview/theme/theconference/plugins/OwlCarousel2-2.2.1/owl.carousel.css]
[colorlib.com/preview/theme/theconference/plugins/OwlCarousel2-2.2.1/owl.theme.default.css]
[colorlib.com/preview/theme/theconference/plugins/OwlCarousel2-2.2.1/animate.css]
[colorlib.com/preview/theme/theconference/styles/main_styles.css]
[colorlib.com/preview/theme/theconference/styles/responsive.css]
[colorlib.com/preview/theme/theconference/images/logo.png]
[colorlib.com/preview/theme/theconference/index-2.html]
[colorlib.com/preview/theme/theconference/news.html]
[colorlib.com/preview/theme/theconference/contact.html]
[colorlib.com/preview/theme/theconference/speakers.html]
[colorlib.com/preview/theme/theconference/events.html]
[colorlib.com/preview/theme/theconference/images/intro_1.jpg]
[colorlib.com/preview/theme/theconference/images/intro_2.jpg]
[colorlib.com/preview/theme/theconference/images/intro_3.jpg]
[colorlib.com/preview/theme/theconference/images/intro_4.jpg]
[colorlib.com/preview/theme/theconference/images/intro_5.jpg]
[colorlib.com/preview/theme/theconference/images/intro_6.jpg]
[colorlib.com/preview/theme/theconference/images/calendar.svg]
[colorlib.com/preview/theme/theconference/images/event_1.jpg]
[colorlib.com/preview/theme/theconference/images/event_2.jpg]
[colorlib.com/preview/theme/theconference/images/event_3.jpg]
[colorlib.com/preview/theme/theconference/images/event_4.jpg]
[colorlib.com/preview/theme/theconference/images/event_5.jpg]
[colorlib.com/preview/theme/theconference/images/event_6.jpg]
[colorlib.com/preview/theme/theconference/images/event_7.jpg]
[colorlib.com/preview/theme/theconference/images/event_8.jpg]
[colorlib.com/preview/theme/theconference/js/jquery-3.2.1.min.js]
[colorlib.com/preview/theme/theconference/styles/bootstrap4/popper.js]
[colorlib.com/preview/theme/theconference/styles/bootstrap4/bootstrap.min.js]
[colorlib.com/preview/theme/theconference/plugins/OwlCarousel2-2.2.1/owl.carousel.js]
[colorlib.com/preview/theme/theconference/plugins/easing/easing.js]
[colorlib.com/preview/theme/theconference/plugins/parallax-js-master/parallax.min.js]
[colorlib.com/preview/theme/theconference/index.html]
[colorlib.com/preview/theme/theconference/styles/bootstrap4/bootstrap.min.css]
[colorlib.com/preview/theme/theconference/js/custom.js]
[colorlib.com/preview/theme/theconference/plugins/font-awesome-4.7.0/fonts/fontawesome-webfont3e6e.eot]
[colorlib.com/preview/theme/theconference/plugins/font-awesome-4.7.0/fonts/fontawesome-webfontd41d.eot]
[colorlib.com/preview/theme/theconference/plugins/font-awesome-4.7.0/fonts/fontawesome-webfont3e6e.woff2]
[colorlib.com/preview/theme/theconference/plugins/font-awesome-4.7.0/fonts/fontawesome-webfont3e6e.ttf]
[colorlib.com/preview/theme/theconference/plugins/font-awesome-4.7.0/fonts/fontawesome-webfont3e6e.woff]
[colorlib.com/preview/theme/theconference/plugins/font-awesome-4.7.0/css/font-awesome.min.css]
[colorlib.com/preview/theme/theconference/plugins/font-awesome-4.7.0/fonts/fontawesome-webfont3e6e.svg]
[colorlib.com/preview/theme/theconference/plugins/OwlCarousel2-2.2.1/owl.video.play.png]
[colorlib.com/preview/theme/theconference/plugins/OwlCarousel2-2.2.1/owl.carousel.css]
[colorlib.com/preview/theme/theconference/plugins/OwlCarousel2-2.2.1/owl.theme.default.css]
[colorlib.com/preview/theme/theconference/plugins/OwlCarousel2-2.2.1/animate.css]
[colorlib.com/preview/theme/theconference/styles/main_styles.css]
[colorlib.com/preview/theme/theconference/styles/responsive.css]
[colorlib.com/preview/theme/theconference/index-2.html]
[colorlib.com/preview/theme/theconference/styles/news.css]
[colorlib.com/preview/theme/theconference/styles/news_responsive.css]
[colorlib.com/preview/theme/theconference/images/news_1.jpg]
[colorlib.com/preview/theme/theconference/images/news_author_1.jpg]
[colorlib.com/preview/theme/theconference/images/news_2.jpg]
[colorlib.com/preview/theme/theconference/images/news_3.jpg]
[colorlib.com/preview/theme/theconference/images/tickets.jpg]
[colorlib.com/preview/theme/theconference/images/latest_1.jpg]
[colorlib.com/preview/theme/theconference/images/latest_2.jpg]
[colorlib.com/preview/theme/theconference/images/latest_3.jpg]
[colorlib.com/preview/theme/theconference/news.html]
[colorlib.com/preview/theme/theconference/js/news.js]
[colorlib.com/preview/theme/theconference/styles/contact.css]
[colorlib.com/preview/theme/theconference/styles/contact_responsive.css]
[colorlib.com/preview/theme/theconference/images/contact_1.png]
[colorlib.com/preview/theme/theconference/images/contact_2.png]
[colorlib.com/preview/theme/theconference/images/contact_3.png]
[colorlib.com/cdn-cgi/scripts/5c5dd728/cloudflare-static/email-decode.min.js]
[colorlib.com/preview/theme/theconference/contact.html]
[colorlib.com/preview/theme/theconference/js/contact.js]
[colorlib.com/preview/theme/theconference/styles/speakers.css]
[colorlib.com/preview/theme/theconference/styles/speakers_responsive.css]
[colorlib.com/preview/theme/theconference/images/speaker_1.jpg]
[colorlib.com/preview/theme/theconference/images/speaker_2.jpg]
[colorlib.com/preview/theme/theconference/images/speaker_3.jpg]
[colorlib.com/preview/theme/theconference/images/speaker_4.jpg]
[colorlib.com/preview/theme/theconference/speakers.html]
[colorlib.com/preview/theme/theconference/js/speakers.js]
[colorlib.com/preview/theme/theconference/styles/events.css]
[colorlib.com/preview/theme/theconference/styles/events_responsive.css]
[colorlib.com/preview/theme/theconference/images/event_9.jpg]
[colorlib.com/preview/theme/theconference/images/event_speaker_1.jpg]
[colorlib.com/preview/theme/theconference/images/event_speaker_2.jpg]
[colorlib.com/preview/theme/theconference/images/event_10.jpg]
[colorlib.com/preview/theme/theconference/images/event_11.jpg]
[colorlib.com/preview/theme/theconference/events.html]
[colorlib.com/preview/theme/theconference/images/calendar.svg]
[colorlib.com/preview/theme/theconference/plugins/font-awesome-4.7.0/fonts/fontawesome-webfont3e6e.svg]
[colorlib.com/preview/theme/theconference/styles/news.css]
[colorlib.com/preview/theme/theconference/styles/news_responsive.css]
[colorlib.com/preview/theme/theconference/styles/contact.css]
[colorlib.com/preview/theme/theconference/styles/contact_responsive.css]
[colorlib.com/preview/theme/theconference/styles/speakers.css]
[colorlib.com/preview/theme/theconference/styles/speakers_responsive.css]
[colorlib.com/preview/theme/theconference/styles/events.css]
[colorlib.com/preview/theme/theconference/styles/events_responsive.css]
[colorlib.com/preview/theme/theconference/js/events.js]
